// Vitest Snapshot v1, https://vitest.dev/guide/snapshot.html

exports[`store equivalence — combat > snapshot: attacker with creatures present cannot attack face 1`] = `
{
  "gameLog": [
    {
      "id": "log-1",
      "kind": "turn",
      "message": "New match. Turn 1. You have 20 life, 5 cards, and 1 mana. Your turn.",
      "meta": {
        "player": "player",
        "turnNumber": 1,
      },
      "priority": "polite",
      "timestamp": 1700000000000,
    },
    {
      "id": "log-2",
      "kind": "play",
      "message": "You played P1, 2 over 2 to the battlefield. It has summoning sickness and cannot attack this turn.",
      "meta": {
        "card": "P1",
        "player": "player",
      },
      "priority": "polite",
      "timestamp": 1700000000000,
    },
    {
      "id": "log-3",
      "kind": "turn",
      "message": "Opponent's turn.",
      "meta": {
        "player": "opponent",
        "turnNumber": 1,
      },
      "priority": "polite",
      "timestamp": 1700000000000,
    },
    {
      "id": "log-4",
      "kind": "draw",
      "message": "Opponent drew a card. Their hand size is 6.",
      "meta": {
        "handSize": 6,
        "player": "opponent",
      },
      "priority": "polite",
      "timestamp": 1700000000000,
    },
    {
      "id": "log-5",
      "kind": "turn",
      "message": "Turn 2. Your turn.",
      "meta": {
        "player": "player",
        "turnNumber": 2,
      },
      "priority": "polite",
      "timestamp": 1700000000000,
    },
    {
      "id": "log-6",
      "kind": "mana",
      "message": "2 mana available.",
      "meta": {
        "manaAvailable": 2,
        "manaMax": 2,
        "player": "player",
      },
      "priority": "polite",
      "timestamp": 1700000000000,
    },
    {
      "id": "log-7",
      "kind": "draw",
      "message": "You drew P5. Hand size 5.",
      "meta": {
        "card": "P5",
        "handSize": 5,
        "player": "player",
      },
      "priority": "polite",
      "timestamp": 1700000000000,
    },
    {
      "id": "log-8",
      "kind": "info",
      "message": "Cannot attack directly while the opponent has creatures on the battlefield.",
      "priority": "polite",
      "timestamp": 1700000000000,
    },
  ],
  "generation": 1,
  "initialized": true,
  "opponent": {
    "battlefield": [
      {
        "accessibilityDescription": "O0. Creature. Power 1, toughness 1.",
        "cmc": 1,
        "color": "R",
        "id": "o0",
        "imageUrl": "",
        "imageUrlSmall": "",
        "manaCost": "{R}",
        "name": "O0",
        "oracleText": "",
        "power": 1,
        "summoningSick": false,
        "toughness": 1,
        "typeLine": "Creature",
      },
    ],
    "deck": [
      {
        "accessibilityDescription": "O6. Creature. Power 1, toughness 1.",
        "cmc": 1,
        "color": "R",
        "id": "o6",
        "imageUrl": "",
        "imageUrlSmall": "",
        "manaCost": "{R}",
        "name": "O6",
        "oracleText": "",
        "power": 1,
        "toughness": 1,
        "typeLine": "Creature",
      },
      {
        "accessibilityDescription": "O7. Creature. Power 2, toughness 2.",
        "cmc": 1,
        "color": "R",
        "id": "o7",
        "imageUrl": "",
        "imageUrlSmall": "",
        "manaCost": "{R}",
        "name": "O7",
        "oracleText": "",
        "power": 2,
        "toughness": 2,
        "typeLine": "Creature",
      },
    ],
    "hand": [
      {
        "accessibilityDescription": "O0. Creature. Power 1, toughness 1.",
        "cmc": 1,
        "color": "R",
        "id": "o0",
        "imageUrl": "",
        "imageUrlSmall": "",
        "manaCost": "{R}",
        "name": "O0",
        "oracleText": "",
        "power": 1,
        "toughness": 1,
        "typeLine": "Creature",
      },
      {
        "accessibilityDescription": "O1. Creature. Power 2, toughness 2.",
        "cmc": 1,
        "color": "R",
        "id": "o1",
        "imageUrl": "",
        "imageUrlSmall": "",
        "manaCost": "{R}",
        "name": "O1",
        "oracleText": "",
        "power": 2,
        "toughness": 2,
        "typeLine": "Creature",
      },
      {
        "accessibilityDescription": "O2. Creature. Power 2, toughness 3.",
        "cmc": 2,
        "color": "R",
        "id": "o2",
        "imageUrl": "",
        "imageUrlSmall": "",
        "manaCost": "{1}{R}",
        "name": "O2",
        "oracleText": "",
        "power": 2,
        "toughness": 3,
        "typeLine": "Creature",
      },
      {
        "accessibilityDescription": "O3. Creature. Power 3, toughness 3.",
        "cmc": 2,
        "color": "R",
        "id": "o3",
        "imageUrl": "",
        "imageUrlSmall": "",
        "manaCost": "{1}{R}",
        "name": "O3",
        "oracleText": "",
        "power": 3,
        "toughness": 3,
        "typeLine": "Creature",
      },
      {
        "accessibilityDescription": "O4. Creature. Power 4, toughness 4.",
        "cmc": 3,
        "color": "R",
        "id": "o4",
        "imageUrl": "",
        "imageUrlSmall": "",
        "manaCost": "{2}{R}",
        "name": "O4",
        "oracleText": "",
        "power": 4,
        "toughness": 4,
        "typeLine": "Creature",
      },
      {
        "accessibilityDescription": "O5. Creature. Power 5, toughness 5.",
        "cmc": 4,
        "color": "R",
        "id": "o5",
        "imageUrl": "",
        "imageUrlSmall": "",
        "manaCost": "{3}{R}",
        "name": "O5",
        "oracleText": "",
        "power": 5,
        "toughness": 5,
        "typeLine": "Creature",
      },
    ],
    "id": "opponent",
    "life": 20,
    "manaAvailable": 1,
    "manaMax": 1,
  },
  "player": {
    "battlefield": [
      {
        "accessibilityDescription": "P1. Creature. Power 2, toughness 2.",
        "attackedThisTurn": false,
        "cmc": 1,
        "color": "R",
        "id": "p1",
        "imageUrl": "",
        "imageUrlSmall": "",
        "manaCost": "{R}",
        "name": "P1",
        "oracleText": "",
        "power": 2,
        "summoningSick": false,
        "toughness": 2,
        "typeLine": "Creature",
      },
    ],
    "deck": [
      {
        "accessibilityDescription": "P6. Creature. Power 2, toughness 2.",
        "cmc": 2,
        "color": "R",
        "id": "p6",
        "imageUrl": "",
        "imageUrlSmall": "",
        "manaCost": "{1}{R}",
        "name": "P6",
        "oracleText": "",
        "power": 2,
        "toughness": 2,
        "typeLine": "Creature",
      },
      {
        "accessibilityDescription": "P7. Creature. Power 3, toughness 3.",
        "cmc": 3,
        "color": "R",
        "id": "p7",
        "imageUrl": "",
        "imageUrlSmall": "",
        "manaCost": "{2}{R}",
        "name": "P7",
        "oracleText": "",
        "power": 3,
        "toughness": 3,
        "typeLine": "Creature",
      },
    ],
    "hand": [
      {
        "accessibilityDescription": "P0. Creature. Power 1, toughness 1.",
        "cmc": 1,
        "color": "R",
        "id": "p0",
        "imageUrl": "",
        "imageUrlSmall": "",
        "manaCost": "{R}",
        "name": "P0",
        "oracleText": "",
        "power": 1,
        "toughness": 1,
        "typeLine": "Creature",
      },
      {
        "accessibilityDescription": "P2. Creature. Power 3, toughness 3.",
        "cmc": 2,
        "color": "R",
        "id": "p2",
        "imageUrl": "",
        "imageUrlSmall": "",
        "manaCost": "{1}{R}",
        "name": "P2",
        "oracleText": "",
        "power": 3,
        "toughness": 3,
        "typeLine": "Creature",
      },
      {
        "accessibilityDescription": "P3. Creature. Power 4, toughness 4.",
        "cmc": 3,
        "color": "R",
        "id": "p3",
        "imageUrl": "",
        "imageUrlSmall": "",
        "manaCost": "{2}{R}",
        "name": "P3",
        "oracleText": "",
        "power": 4,
        "toughness": 4,
        "typeLine": "Creature",
      },
      {
        "accessibilityDescription": "P4. Creature. Power 5, toughness 5.",
        "cmc": 4,
        "color": "R",
        "id": "p4",
        "imageUrl": "",
        "imageUrlSmall": "",
        "manaCost": "{3}{R}",
        "name": "P4",
        "oracleText": "",
        "power": 5,
        "toughness": 5,
        "typeLine": "Creature",
      },
      {
        "accessibilityDescription": "P5. Creature. Power 1, toughness 1.",
        "cmc": 1,
        "color": "R",
        "id": "p5",
        "imageUrl": "",
        "imageUrlSmall": "",
        "manaCost": "{R}",
        "name": "P5",
        "oracleText": "",
        "power": 1,
        "toughness": 1,
        "typeLine": "Creature",
      },
    ],
    "id": "player",
    "life": 20,
    "manaAvailable": 2,
    "manaMax": 2,
  },
  "turn": "player",
  "turnNumber": 2,
  "winner": null,
}
`;

exports[`store equivalence — combat > snapshot: attacker with summoning sickness cannot attack — log entry only, no state change 1`] = `
{
  "gameLog": [
    {
      "id": "log-1",
      "kind": "turn",
      "message": "New match. Turn 1. You have 20 life, 5 cards, and 1 mana. Your turn.",
      "meta": {
        "player": "player",
        "turnNumber": 1,
      },
      "priority": "polite",
      "timestamp": 1700000000000,
    },
    {
      "id": "log-2",
      "kind": "play",
      "message": "You played P0, 1 over 1 to the battlefield. It has summoning sickness and cannot attack this turn.",
      "meta": {
        "card": "P0",
        "player": "player",
      },
      "priority": "polite",
      "timestamp": 1700000000000,
    },
    {
      "id": "log-3",
      "kind": "info",
      "message": "P0 has summoning sickness and cannot attack.",
      "priority": "polite",
      "timestamp": 1700000000000,
    },
  ],
  "generation": 1,
  "initialized": true,
  "opponent": {
    "battlefield": [],
    "deck": [
      {
        "accessibilityDescription": "O5. Creature. Power 5, toughness 5.",
        "cmc": 4,
        "color": "R",
        "id": "o5",
        "imageUrl": "",
        "imageUrlSmall": "",
        "manaCost": "{3}{R}",
        "name": "O5",
        "oracleText": "",
        "power": 5,
        "toughness": 5,
        "typeLine": "Creature",
      },
      {
        "accessibilityDescription": "O6. Creature. Power 1, toughness 1.",
        "cmc": 1,
        "color": "R",
        "id": "o6",
        "imageUrl": "",
        "imageUrlSmall": "",
        "manaCost": "{R}",
        "name": "O6",
        "oracleText": "",
        "power": 1,
        "toughness": 1,
        "typeLine": "Creature",
      },
      {
        "accessibilityDescription": "O7. Creature. Power 2, toughness 2.",
        "cmc": 1,
        "color": "R",
        "id": "o7",
        "imageUrl": "",
        "imageUrlSmall": "",
        "manaCost": "{R}",
        "name": "O7",
        "oracleText": "",
        "power": 2,
        "toughness": 2,
        "typeLine": "Creature",
      },
    ],
    "hand": [
      {
        "accessibilityDescription": "O0. Creature. Power 1, toughness 1.",
        "cmc": 1,
        "color": "R",
        "id": "o0",
        "imageUrl": "",
        "imageUrlSmall": "",
        "manaCost": "{R}",
        "name": "O0",
        "oracleText": "",
        "power": 1,
        "toughness": 1,
        "typeLine": "Creature",
      },
      {
        "accessibilityDescription": "O1. Creature. Power 2, toughness 2.",
        "cmc": 1,
        "color": "R",
        "id": "o1",
        "imageUrl": "",
        "imageUrlSmall": "",
        "manaCost": "{R}",
        "name": "O1",
        "oracleText": "",
        "power": 2,
        "toughness": 2,
        "typeLine": "Creature",
      },
      {
        "accessibilityDescription": "O2. Creature. Power 2, toughness 3.",
        "cmc": 2,
        "color": "R",
        "id": "o2",
        "imageUrl": "",
        "imageUrlSmall": "",
        "manaCost": "{1}{R}",
        "name": "O2",
        "oracleText": "",
        "power": 2,
        "toughness": 3,
        "typeLine": "Creature",
      },
      {
        "accessibilityDescription": "O3. Creature. Power 3, toughness 3.",
        "cmc": 2,
        "color": "R",
        "id": "o3",
        "imageUrl": "",
        "imageUrlSmall": "",
        "manaCost": "{1}{R}",
        "name": "O3",
        "oracleText": "",
        "power": 3,
        "toughness": 3,
        "typeLine": "Creature",
      },
      {
        "accessibilityDescription": "O4. Creature. Power 4, toughness 4.",
        "cmc": 3,
        "color": "R",
        "id": "o4",
        "imageUrl": "",
        "imageUrlSmall": "",
        "manaCost": "{2}{R}",
        "name": "O4",
        "oracleText": "",
        "power": 4,
        "toughness": 4,
        "typeLine": "Creature",
      },
    ],
    "id": "opponent",
    "life": 20,
    "manaAvailable": 0,
    "manaMax": 0,
  },
  "player": {
    "battlefield": [
      {
        "accessibilityDescription": "P0. Creature. Power 1, toughness 1.",
        "cmc": 1,
        "color": "R",
        "id": "p0",
        "imageUrl": "",
        "imageUrlSmall": "",
        "manaCost": "{R}",
        "name": "P0",
        "oracleText": "",
        "power": 1,
        "summoningSick": true,
        "toughness": 1,
        "typeLine": "Creature",
      },
    ],
    "deck": [
      {
        "accessibilityDescription": "P5. Creature. Power 1, toughness 1.",
        "cmc": 1,
        "color": "R",
        "id": "p5",
        "imageUrl": "",
        "imageUrlSmall": "",
        "manaCost": "{R}",
        "name": "P5",
        "oracleText": "",
        "power": 1,
        "toughness": 1,
        "typeLine": "Creature",
      },
      {
        "accessibilityDescription": "P6. Creature. Power 2, toughness 2.",
        "cmc": 2,
        "color": "R",
        "id": "p6",
        "imageUrl": "",
        "imageUrlSmall": "",
        "manaCost": "{1}{R}",
        "name": "P6",
        "oracleText": "",
        "power": 2,
        "toughness": 2,
        "typeLine": "Creature",
      },
      {
        "accessibilityDescription": "P7. Creature. Power 3, toughness 3.",
        "cmc": 3,
        "color": "R",
        "id": "p7",
        "imageUrl": "",
        "imageUrlSmall": "",
        "manaCost": "{2}{R}",
        "name": "P7",
        "oracleText": "",
        "power": 3,
        "toughness": 3,
        "typeLine": "Creature",
      },
    ],
    "hand": [
      {
        "accessibilityDescription": "P1. Creature. Power 2, toughness 2.",
        "cmc": 1,
        "color": "R",
        "id": "p1",
        "imageUrl": "",
        "imageUrlSmall": "",
        "manaCost": "{R}",
        "name": "P1",
        "oracleText": "",
        "power": 2,
        "toughness": 2,
        "typeLine": "Creature",
      },
      {
        "accessibilityDescription": "P2. Creature. Power 3, toughness 3.",
        "cmc": 2,
        "color": "R",
        "id": "p2",
        "imageUrl": "",
        "imageUrlSmall": "",
        "manaCost": "{1}{R}",
        "name": "P2",
        "oracleText": "",
        "power": 3,
        "toughness": 3,
        "typeLine": "Creature",
      },
      {
        "accessibilityDescription": "P3. Creature. Power 4, toughness 4.",
        "cmc": 3,
        "color": "R",
        "id": "p3",
        "imageUrl": "",
        "imageUrlSmall": "",
        "manaCost": "{2}{R}",
        "name": "P3",
        "oracleText": "",
        "power": 4,
        "toughness": 4,
        "typeLine": "Creature",
      },
      {
        "accessibilityDescription": "P4. Creature. Power 5, toughness 5.",
        "cmc": 4,
        "color": "R",
        "id": "p4",
        "imageUrl": "",
        "imageUrlSmall": "",
        "manaCost": "{3}{R}",
        "name": "P4",
        "oracleText": "",
        "power": 5,
        "toughness": 5,
        "typeLine": "Creature",
      },
    ],
    "id": "player",
    "life": 20,
    "manaAvailable": 0,
    "manaMax": 1,
  },
  "turn": "player",
  "turnNumber": 1,
  "winner": null,
}
`;

exports[`store equivalence — combat > snapshot: attacker without sickness, no opponent creatures, hits face for power 1`] = `
{
  "gameLog": [
    {
      "id": "log-1",
      "kind": "turn",
      "message": "New match. Turn 1. You have 20 life, 5 cards, and 1 mana. Your turn.",
      "meta": {
        "player": "player",
        "turnNumber": 1,
      },
      "priority": "polite",
      "timestamp": 1700000000000,
    },
    {
      "id": "log-2",
      "kind": "play",
      "message": "You played P1, 2 over 2 to the battlefield. It has summoning sickness and cannot attack this turn.",
      "meta": {
        "card": "P1",
        "player": "player",
      },
      "priority": "polite",
      "timestamp": 1700000000000,
    },
    {
      "id": "log-3",
      "kind": "turn",
      "message": "Opponent's turn.",
      "meta": {
        "player": "opponent",
        "turnNumber": 1,
      },
      "priority": "polite",
      "timestamp": 1700000000000,
    },
    {
      "id": "log-4",
      "kind": "draw",
      "message": "Opponent drew a card. Their hand size is 6.",
      "meta": {
        "handSize": 6,
        "player": "opponent",
      },
      "priority": "polite",
      "timestamp": 1700000000000,
    },
    {
      "id": "log-5",
      "kind": "turn",
      "message": "Turn 2. Your turn.",
      "meta": {
        "player": "player",
        "turnNumber": 2,
      },
      "priority": "polite",
      "timestamp": 1700000000000,
    },
    {
      "id": "log-6",
      "kind": "mana",
      "message": "2 mana available.",
      "meta": {
        "manaAvailable": 2,
        "manaMax": 2,
        "player": "player",
      },
      "priority": "polite",
      "timestamp": 1700000000000,
    },
    {
      "id": "log-7",
      "kind": "draw",
      "message": "You drew P5. Hand size 5.",
      "meta": {
        "card": "P5",
        "handSize": 5,
        "player": "player",
      },
      "priority": "polite",
      "timestamp": 1700000000000,
    },
    {
      "id": "log-8",
      "kind": "combat",
      "message": "You attacked with P1, 2 over 2, dealing 2 damage. Opponent's life is now 18.",
      "meta": {
        "attacker": "P1",
        "attackingSide": "player",
        "damage": 2,
        "defenderLife": 18,
      },
      "priority": "assertive",
      "timestamp": 1700000000000,
    },
  ],
  "generation": 1,
  "initialized": true,
  "opponent": {
    "battlefield": [],
    "deck": [
      {
        "accessibilityDescription": "O6. Creature. Power 1, toughness 1.",
        "cmc": 1,
        "color": "R",
        "id": "o6",
        "imageUrl": "",
        "imageUrlSmall": "",
        "manaCost": "{R}",
        "name": "O6",
        "oracleText": "",
        "power": 1,
        "toughness": 1,
        "typeLine": "Creature",
      },
      {
        "accessibilityDescription": "O7. Creature. Power 2, toughness 2.",
        "cmc": 1,
        "color": "R",
        "id": "o7",
        "imageUrl": "",
        "imageUrlSmall": "",
        "manaCost": "{R}",
        "name": "O7",
        "oracleText": "",
        "power": 2,
        "toughness": 2,
        "typeLine": "Creature",
      },
    ],
    "hand": [
      {
        "accessibilityDescription": "O0. Creature. Power 1, toughness 1.",
        "cmc": 1,
        "color": "R",
        "id": "o0",
        "imageUrl": "",
        "imageUrlSmall": "",
        "manaCost": "{R}",
        "name": "O0",
        "oracleText": "",
        "power": 1,
        "toughness": 1,
        "typeLine": "Creature",
      },
      {
        "accessibilityDescription": "O1. Creature. Power 2, toughness 2.",
        "cmc": 1,
        "color": "R",
        "id": "o1",
        "imageUrl": "",
        "imageUrlSmall": "",
        "manaCost": "{R}",
        "name": "O1",
        "oracleText": "",
        "power": 2,
        "toughness": 2,
        "typeLine": "Creature",
      },
      {
        "accessibilityDescription": "O2. Creature. Power 2, toughness 3.",
        "cmc": 2,
        "color": "R",
        "id": "o2",
        "imageUrl": "",
        "imageUrlSmall": "",
        "manaCost": "{1}{R}",
        "name": "O2",
        "oracleText": "",
        "power": 2,
        "toughness": 3,
        "typeLine": "Creature",
      },
      {
        "accessibilityDescription": "O3. Creature. Power 3, toughness 3.",
        "cmc": 2,
        "color": "R",
        "id": "o3",
        "imageUrl": "",
        "imageUrlSmall": "",
        "manaCost": "{1}{R}",
        "name": "O3",
        "oracleText": "",
        "power": 3,
        "toughness": 3,
        "typeLine": "Creature",
      },
      {
        "accessibilityDescription": "O4. Creature. Power 4, toughness 4.",
        "cmc": 3,
        "color": "R",
        "id": "o4",
        "imageUrl": "",
        "imageUrlSmall": "",
        "manaCost": "{2}{R}",
        "name": "O4",
        "oracleText": "",
        "power": 4,
        "toughness": 4,
        "typeLine": "Creature",
      },
      {
        "accessibilityDescription": "O5. Creature. Power 5, toughness 5.",
        "cmc": 4,
        "color": "R",
        "id": "o5",
        "imageUrl": "",
        "imageUrlSmall": "",
        "manaCost": "{3}{R}",
        "name": "O5",
        "oracleText": "",
        "power": 5,
        "toughness": 5,
        "typeLine": "Creature",
      },
    ],
    "id": "opponent",
    "life": 18,
    "manaAvailable": 1,
    "manaMax": 1,
  },
  "player": {
    "battlefield": [
      {
        "accessibilityDescription": "P1. Creature. Power 2, toughness 2.",
        "attackedThisTurn": true,
        "cmc": 1,
        "color": "R",
        "id": "p1",
        "imageUrl": "",
        "imageUrlSmall": "",
        "manaCost": "{R}",
        "name": "P1",
        "oracleText": "",
        "power": 2,
        "summoningSick": false,
        "toughness": 2,
        "typeLine": "Creature",
      },
    ],
    "deck": [
      {
        "accessibilityDescription": "P6. Creature. Power 2, toughness 2.",
        "cmc": 2,
        "color": "R",
        "id": "p6",
        "imageUrl": "",
        "imageUrlSmall": "",
        "manaCost": "{1}{R}",
        "name": "P6",
        "oracleText": "",
        "power": 2,
        "toughness": 2,
        "typeLine": "Creature",
      },
      {
        "accessibilityDescription": "P7. Creature. Power 3, toughness 3.",
        "cmc": 3,
        "color": "R",
        "id": "p7",
        "imageUrl": "",
        "imageUrlSmall": "",
        "manaCost": "{2}{R}",
        "name": "P7",
        "oracleText": "",
        "power": 3,
        "toughness": 3,
        "typeLine": "Creature",
      },
    ],
    "hand": [
      {
        "accessibilityDescription": "P0. Creature. Power 1, toughness 1.",
        "cmc": 1,
        "color": "R",
        "id": "p0",
        "imageUrl": "",
        "imageUrlSmall": "",
        "manaCost": "{R}",
        "name": "P0",
        "oracleText": "",
        "power": 1,
        "toughness": 1,
        "typeLine": "Creature",
      },
      {
        "accessibilityDescription": "P2. Creature. Power 3, toughness 3.",
        "cmc": 2,
        "color": "R",
        "id": "p2",
        "imageUrl": "",
        "imageUrlSmall": "",
        "manaCost": "{1}{R}",
        "name": "P2",
        "oracleText": "",
        "power": 3,
        "toughness": 3,
        "typeLine": "Creature",
      },
      {
        "accessibilityDescription": "P3. Creature. Power 4, toughness 4.",
        "cmc": 3,
        "color": "R",
        "id": "p3",
        "imageUrl": "",
        "imageUrlSmall": "",
        "manaCost": "{2}{R}",
        "name": "P3",
        "oracleText": "",
        "power": 4,
        "toughness": 4,
        "typeLine": "Creature",
      },
      {
        "accessibilityDescription": "P4. Creature. Power 5, toughness 5.",
        "cmc": 4,
        "color": "R",
        "id": "p4",
        "imageUrl": "",
        "imageUrlSmall": "",
        "manaCost": "{3}{R}",
        "name": "P4",
        "oracleText": "",
        "power": 5,
        "toughness": 5,
        "typeLine": "Creature",
      },
      {
        "accessibilityDescription": "P5. Creature. Power 1, toughness 1.",
        "cmc": 1,
        "color": "R",
        "id": "p5",
        "imageUrl": "",
        "imageUrlSmall": "",
        "manaCost": "{R}",
        "name": "P5",
        "oracleText": "",
        "power": 1,
        "toughness": 1,
        "typeLine": "Creature",
      },
    ],
    "id": "player",
    "life": 20,
    "manaAvailable": 2,
    "manaMax": 2,
  },
  "turn": "player",
  "turnNumber": 2,
  "winner": null,
}
`;

exports[`store equivalence — initGame > snapshot: fresh init lands at turn 1, player to move, 5 cards in hand 1`] = `
{
  "gameLog": [
    {
      "id": "log-1",
      "kind": "turn",
      "message": "New match. Turn 1. You have 20 life, 5 cards, and 1 mana. Your turn.",
      "meta": {
        "player": "player",
        "turnNumber": 1,
      },
      "priority": "polite",
      "timestamp": 1700000000000,
    },
  ],
  "generation": 1,
  "initialized": true,
  "opponent": {
    "battlefield": [],
    "deck": [
      {
        "accessibilityDescription": "O5. Creature. Power 5, toughness 5.",
        "cmc": 4,
        "color": "R",
        "id": "o5",
        "imageUrl": "",
        "imageUrlSmall": "",
        "manaCost": "{3}{R}",
        "name": "O5",
        "oracleText": "",
        "power": 5,
        "toughness": 5,
        "typeLine": "Creature",
      },
      {
        "accessibilityDescription": "O6. Creature. Power 1, toughness 1.",
        "cmc": 1,
        "color": "R",
        "id": "o6",
        "imageUrl": "",
        "imageUrlSmall": "",
        "manaCost": "{R}",
        "name": "O6",
        "oracleText": "",
        "power": 1,
        "toughness": 1,
        "typeLine": "Creature",
      },
      {
        "accessibilityDescription": "O7. Creature. Power 2, toughness 2.",
        "cmc": 1,
        "color": "R",
        "id": "o7",
        "imageUrl": "",
        "imageUrlSmall": "",
        "manaCost": "{R}",
        "name": "O7",
        "oracleText": "",
        "power": 2,
        "toughness": 2,
        "typeLine": "Creature",
      },
    ],
    "hand": [
      {
        "accessibilityDescription": "O0. Creature. Power 1, toughness 1.",
        "cmc": 1,
        "color": "R",
        "id": "o0",
        "imageUrl": "",
        "imageUrlSmall": "",
        "manaCost": "{R}",
        "name": "O0",
        "oracleText": "",
        "power": 1,
        "toughness": 1,
        "typeLine": "Creature",
      },
      {
        "accessibilityDescription": "O1. Creature. Power 2, toughness 2.",
        "cmc": 1,
        "color": "R",
        "id": "o1",
        "imageUrl": "",
        "imageUrlSmall": "",
        "manaCost": "{R}",
        "name": "O1",
        "oracleText": "",
        "power": 2,
        "toughness": 2,
        "typeLine": "Creature",
      },
      {
        "accessibilityDescription": "O2. Creature. Power 2, toughness 3.",
        "cmc": 2,
        "color": "R",
        "id": "o2",
        "imageUrl": "",
        "imageUrlSmall": "",
        "manaCost": "{1}{R}",
        "name": "O2",
        "oracleText": "",
        "power": 2,
        "toughness": 3,
        "typeLine": "Creature",
      },
      {
        "accessibilityDescription": "O3. Creature. Power 3, toughness 3.",
        "cmc": 2,
        "color": "R",
        "id": "o3",
        "imageUrl": "",
        "imageUrlSmall": "",
        "manaCost": "{1}{R}",
        "name": "O3",
        "oracleText": "",
        "power": 3,
        "toughness": 3,
        "typeLine": "Creature",
      },
      {
        "accessibilityDescription": "O4. Creature. Power 4, toughness 4.",
        "cmc": 3,
        "color": "R",
        "id": "o4",
        "imageUrl": "",
        "imageUrlSmall": "",
        "manaCost": "{2}{R}",
        "name": "O4",
        "oracleText": "",
        "power": 4,
        "toughness": 4,
        "typeLine": "Creature",
      },
    ],
    "id": "opponent",
    "life": 20,
    "manaAvailable": 0,
    "manaMax": 0,
  },
  "player": {
    "battlefield": [],
    "deck": [
      {
        "accessibilityDescription": "P5. Creature. Power 1, toughness 1.",
        "cmc": 1,
        "color": "R",
        "id": "p5",
        "imageUrl": "",
        "imageUrlSmall": "",
        "manaCost": "{R}",
        "name": "P5",
        "oracleText": "",
        "power": 1,
        "toughness": 1,
        "typeLine": "Creature",
      },
      {
        "accessibilityDescription": "P6. Creature. Power 2, toughness 2.",
        "cmc": 2,
        "color": "R",
        "id": "p6",
        "imageUrl": "",
        "imageUrlSmall": "",
        "manaCost": "{1}{R}",
        "name": "P6",
        "oracleText": "",
        "power": 2,
        "toughness": 2,
        "typeLine": "Creature",
      },
      {
        "accessibilityDescription": "P7. Creature. Power 3, toughness 3.",
        "cmc": 3,
        "color": "R",
        "id": "p7",
        "imageUrl": "",
        "imageUrlSmall": "",
        "manaCost": "{2}{R}",
        "name": "P7",
        "oracleText": "",
        "power": 3,
        "toughness": 3,
        "typeLine": "Creature",
      },
    ],
    "hand": [
      {
        "accessibilityDescription": "P0. Creature. Power 1, toughness 1.",
        "cmc": 1,
        "color": "R",
        "id": "p0",
        "imageUrl": "",
        "imageUrlSmall": "",
        "manaCost": "{R}",
        "name": "P0",
        "oracleText": "",
        "power": 1,
        "toughness": 1,
        "typeLine": "Creature",
      },
      {
        "accessibilityDescription": "P1. Creature. Power 2, toughness 2.",
        "cmc": 1,
        "color": "R",
        "id": "p1",
        "imageUrl": "",
        "imageUrlSmall": "",
        "manaCost": "{R}",
        "name": "P1",
        "oracleText": "",
        "power": 2,
        "toughness": 2,
        "typeLine": "Creature",
      },
      {
        "accessibilityDescription": "P2. Creature. Power 3, toughness 3.",
        "cmc": 2,
        "color": "R",
        "id": "p2",
        "imageUrl": "",
        "imageUrlSmall": "",
        "manaCost": "{1}{R}",
        "name": "P2",
        "oracleText": "",
        "power": 3,
        "toughness": 3,
        "typeLine": "Creature",
      },
      {
        "accessibilityDescription": "P3. Creature. Power 4, toughness 4.",
        "cmc": 3,
        "color": "R",
        "id": "p3",
        "imageUrl": "",
        "imageUrlSmall": "",
        "manaCost": "{2}{R}",
        "name": "P3",
        "oracleText": "",
        "power": 4,
        "toughness": 4,
        "typeLine": "Creature",
      },
      {
        "accessibilityDescription": "P4. Creature. Power 5, toughness 5.",
        "cmc": 4,
        "color": "R",
        "id": "p4",
        "imageUrl": "",
        "imageUrlSmall": "",
        "manaCost": "{3}{R}",
        "name": "P4",
        "oracleText": "",
        "power": 5,
        "toughness": 5,
        "typeLine": "Creature",
      },
    ],
    "id": "player",
    "life": 20,
    "manaAvailable": 1,
    "manaMax": 1,
  },
  "turn": "player",
  "turnNumber": 1,
  "winner": null,
}
`;

exports[`store equivalence — single play > snapshot: play a 1-cost creature spends mana, adds it sick to battlefield 1`] = `
{
  "gameLog": [
    {
      "id": "log-1",
      "kind": "turn",
      "message": "New match. Turn 1. You have 20 life, 5 cards, and 1 mana. Your turn.",
      "meta": {
        "player": "player",
        "turnNumber": 1,
      },
      "priority": "polite",
      "timestamp": 1700000000000,
    },
    {
      "id": "log-2",
      "kind": "play",
      "message": "You played P0, 1 over 1 to the battlefield. It has summoning sickness and cannot attack this turn.",
      "meta": {
        "card": "P0",
        "player": "player",
      },
      "priority": "polite",
      "timestamp": 1700000000000,
    },
  ],
  "generation": 1,
  "initialized": true,
  "opponent": {
    "battlefield": [],
    "deck": [
      {
        "accessibilityDescription": "O5. Creature. Power 5, toughness 5.",
        "cmc": 4,
        "color": "R",
        "id": "o5",
        "imageUrl": "",
        "imageUrlSmall": "",
        "manaCost": "{3}{R}",
        "name": "O5",
        "oracleText": "",
        "power": 5,
        "toughness": 5,
        "typeLine": "Creature",
      },
      {
        "accessibilityDescription": "O6. Creature. Power 1, toughness 1.",
        "cmc": 1,
        "color": "R",
        "id": "o6",
        "imageUrl": "",
        "imageUrlSmall": "",
        "manaCost": "{R}",
        "name": "O6",
        "oracleText": "",
        "power": 1,
        "toughness": 1,
        "typeLine": "Creature",
      },
      {
        "accessibilityDescription": "O7. Creature. Power 2, toughness 2.",
        "cmc": 1,
        "color": "R",
        "id": "o7",
        "imageUrl": "",
        "imageUrlSmall": "",
        "manaCost": "{R}",
        "name": "O7",
        "oracleText": "",
        "power": 2,
        "toughness": 2,
        "typeLine": "Creature",
      },
    ],
    "hand": [
      {
        "accessibilityDescription": "O0. Creature. Power 1, toughness 1.",
        "cmc": 1,
        "color": "R",
        "id": "o0",
        "imageUrl": "",
        "imageUrlSmall": "",
        "manaCost": "{R}",
        "name": "O0",
        "oracleText": "",
        "power": 1,
        "toughness": 1,
        "typeLine": "Creature",
      },
      {
        "accessibilityDescription": "O1. Creature. Power 2, toughness 2.",
        "cmc": 1,
        "color": "R",
        "id": "o1",
        "imageUrl": "",
        "imageUrlSmall": "",
        "manaCost": "{R}",
        "name": "O1",
        "oracleText": "",
        "power": 2,
        "toughness": 2,
        "typeLine": "Creature",
      },
      {
        "accessibilityDescription": "O2. Creature. Power 2, toughness 3.",
        "cmc": 2,
        "color": "R",
        "id": "o2",
        "imageUrl": "",
        "imageUrlSmall": "",
        "manaCost": "{1}{R}",
        "name": "O2",
        "oracleText": "",
        "power": 2,
        "toughness": 3,
        "typeLine": "Creature",
      },
      {
        "accessibilityDescription": "O3. Creature. Power 3, toughness 3.",
        "cmc": 2,
        "color": "R",
        "id": "o3",
        "imageUrl": "",
        "imageUrlSmall": "",
        "manaCost": "{1}{R}",
        "name": "O3",
        "oracleText": "",
        "power": 3,
        "toughness": 3,
        "typeLine": "Creature",
      },
      {
        "accessibilityDescription": "O4. Creature. Power 4, toughness 4.",
        "cmc": 3,
        "color": "R",
        "id": "o4",
        "imageUrl": "",
        "imageUrlSmall": "",
        "manaCost": "{2}{R}",
        "name": "O4",
        "oracleText": "",
        "power": 4,
        "toughness": 4,
        "typeLine": "Creature",
      },
    ],
    "id": "opponent",
    "life": 20,
    "manaAvailable": 0,
    "manaMax": 0,
  },
  "player": {
    "battlefield": [
      {
        "accessibilityDescription": "P0. Creature. Power 1, toughness 1.",
        "cmc": 1,
        "color": "R",
        "id": "p0",
        "imageUrl": "",
        "imageUrlSmall": "",
        "manaCost": "{R}",
        "name": "P0",
        "oracleText": "",
        "power": 1,
        "summoningSick": true,
        "toughness": 1,
        "typeLine": "Creature",
      },
    ],
    "deck": [
      {
        "accessibilityDescription": "P5. Creature. Power 1, toughness 1.",
        "cmc": 1,
        "color": "R",
        "id": "p5",
        "imageUrl": "",
        "imageUrlSmall": "",
        "manaCost": "{R}",
        "name": "P5",
        "oracleText": "",
        "power": 1,
        "toughness": 1,
        "typeLine": "Creature",
      },
      {
        "accessibilityDescription": "P6. Creature. Power 2, toughness 2.",
        "cmc": 2,
        "color": "R",
        "id": "p6",
        "imageUrl": "",
        "imageUrlSmall": "",
        "manaCost": "{1}{R}",
        "name": "P6",
        "oracleText": "",
        "power": 2,
        "toughness": 2,
        "typeLine": "Creature",
      },
      {
        "accessibilityDescription": "P7. Creature. Power 3, toughness 3.",
        "cmc": 3,
        "color": "R",
        "id": "p7",
        "imageUrl": "",
        "imageUrlSmall": "",
        "manaCost": "{2}{R}",
        "name": "P7",
        "oracleText": "",
        "power": 3,
        "toughness": 3,
        "typeLine": "Creature",
      },
    ],
    "hand": [
      {
        "accessibilityDescription": "P1. Creature. Power 2, toughness 2.",
        "cmc": 1,
        "color": "R",
        "id": "p1",
        "imageUrl": "",
        "imageUrlSmall": "",
        "manaCost": "{R}",
        "name": "P1",
        "oracleText": "",
        "power": 2,
        "toughness": 2,
        "typeLine": "Creature",
      },
      {
        "accessibilityDescription": "P2. Creature. Power 3, toughness 3.",
        "cmc": 2,
        "color": "R",
        "id": "p2",
        "imageUrl": "",
        "imageUrlSmall": "",
        "manaCost": "{1}{R}",
        "name": "P2",
        "oracleText": "",
        "power": 3,
        "toughness": 3,
        "typeLine": "Creature",
      },
      {
        "accessibilityDescription": "P3. Creature. Power 4, toughness 4.",
        "cmc": 3,
        "color": "R",
        "id": "p3",
        "imageUrl": "",
        "imageUrlSmall": "",
        "manaCost": "{2}{R}",
        "name": "P3",
        "oracleText": "",
        "power": 4,
        "toughness": 4,
        "typeLine": "Creature",
      },
      {
        "accessibilityDescription": "P4. Creature. Power 5, toughness 5.",
        "cmc": 4,
        "color": "R",
        "id": "p4",
        "imageUrl": "",
        "imageUrlSmall": "",
        "manaCost": "{3}{R}",
        "name": "P4",
        "oracleText": "",
        "power": 5,
        "toughness": 5,
        "typeLine": "Creature",
      },
    ],
    "id": "player",
    "life": 20,
    "manaAvailable": 0,
    "manaMax": 1,
  },
  "turn": "player",
  "turnNumber": 1,
  "winner": null,
}
`;

exports[`store equivalence — single play > snapshot: trying to play a card costing more than available mana is a no-op log entry 1`] = `
{
  "gameLog": [
    {
      "id": "log-1",
      "kind": "turn",
      "message": "New match. Turn 1. You have 20 life, 5 cards, and 1 mana. Your turn.",
      "meta": {
        "player": "player",
        "turnNumber": 1,
      },
      "priority": "polite",
      "timestamp": 1700000000000,
    },
    {
      "id": "log-2",
      "kind": "info",
      "message": "Cannot play P3 - costs 3, you have 1 mana.",
      "priority": "polite",
      "timestamp": 1700000000000,
    },
  ],
  "generation": 1,
  "initialized": true,
  "opponent": {
    "battlefield": [],
    "deck": [
      {
        "accessibilityDescription": "O5. Creature. Power 5, toughness 5.",
        "cmc": 4,
        "color": "R",
        "id": "o5",
        "imageUrl": "",
        "imageUrlSmall": "",
        "manaCost": "{3}{R}",
        "name": "O5",
        "oracleText": "",
        "power": 5,
        "toughness": 5,
        "typeLine": "Creature",
      },
      {
        "accessibilityDescription": "O6. Creature. Power 1, toughness 1.",
        "cmc": 1,
        "color": "R",
        "id": "o6",
        "imageUrl": "",
        "imageUrlSmall": "",
        "manaCost": "{R}",
        "name": "O6",
        "oracleText": "",
        "power": 1,
        "toughness": 1,
        "typeLine": "Creature",
      },
      {
        "accessibilityDescription": "O7. Creature. Power 2, toughness 2.",
        "cmc": 1,
        "color": "R",
        "id": "o7",
        "imageUrl": "",
        "imageUrlSmall": "",
        "manaCost": "{R}",
        "name": "O7",
        "oracleText": "",
        "power": 2,
        "toughness": 2,
        "typeLine": "Creature",
      },
    ],
    "hand": [
      {
        "accessibilityDescription": "O0. Creature. Power 1, toughness 1.",
        "cmc": 1,
        "color": "R",
        "id": "o0",
        "imageUrl": "",
        "imageUrlSmall": "",
        "manaCost": "{R}",
        "name": "O0",
        "oracleText": "",
        "power": 1,
        "toughness": 1,
        "typeLine": "Creature",
      },
      {
        "accessibilityDescription": "O1. Creature. Power 2, toughness 2.",
        "cmc": 1,
        "color": "R",
        "id": "o1",
        "imageUrl": "",
        "imageUrlSmall": "",
        "manaCost": "{R}",
        "name": "O1",
        "oracleText": "",
        "power": 2,
        "toughness": 2,
        "typeLine": "Creature",
      },
      {
        "accessibilityDescription": "O2. Creature. Power 2, toughness 3.",
        "cmc": 2,
        "color": "R",
        "id": "o2",
        "imageUrl": "",
        "imageUrlSmall": "",
        "manaCost": "{1}{R}",
        "name": "O2",
        "oracleText": "",
        "power": 2,
        "toughness": 3,
        "typeLine": "Creature",
      },
      {
        "accessibilityDescription": "O3. Creature. Power 3, toughness 3.",
        "cmc": 2,
        "color": "R",
        "id": "o3",
        "imageUrl": "",
        "imageUrlSmall": "",
        "manaCost": "{1}{R}",
        "name": "O3",
        "oracleText": "",
        "power": 3,
        "toughness": 3,
        "typeLine": "Creature",
      },
      {
        "accessibilityDescription": "O4. Creature. Power 4, toughness 4.",
        "cmc": 3,
        "color": "R",
        "id": "o4",
        "imageUrl": "",
        "imageUrlSmall": "",
        "manaCost": "{2}{R}",
        "name": "O4",
        "oracleText": "",
        "power": 4,
        "toughness": 4,
        "typeLine": "Creature",
      },
    ],
    "id": "opponent",
    "life": 20,
    "manaAvailable": 0,
    "manaMax": 0,
  },
  "player": {
    "battlefield": [],
    "deck": [
      {
        "accessibilityDescription": "P5. Creature. Power 1, toughness 1.",
        "cmc": 1,
        "color": "R",
        "id": "p5",
        "imageUrl": "",
        "imageUrlSmall": "",
        "manaCost": "{R}",
        "name": "P5",
        "oracleText": "",
        "power": 1,
        "toughness": 1,
        "typeLine": "Creature",
      },
      {
        "accessibilityDescription": "P6. Creature. Power 2, toughness 2.",
        "cmc": 2,
        "color": "R",
        "id": "p6",
        "imageUrl": "",
        "imageUrlSmall": "",
        "manaCost": "{1}{R}",
        "name": "P6",
        "oracleText": "",
        "power": 2,
        "toughness": 2,
        "typeLine": "Creature",
      },
      {
        "accessibilityDescription": "P7. Creature. Power 3, toughness 3.",
        "cmc": 3,
        "color": "R",
        "id": "p7",
        "imageUrl": "",
        "imageUrlSmall": "",
        "manaCost": "{2}{R}",
        "name": "P7",
        "oracleText": "",
        "power": 3,
        "toughness": 3,
        "typeLine": "Creature",
      },
    ],
    "hand": [
      {
        "accessibilityDescription": "P0. Creature. Power 1, toughness 1.",
        "cmc": 1,
        "color": "R",
        "id": "p0",
        "imageUrl": "",
        "imageUrlSmall": "",
        "manaCost": "{R}",
        "name": "P0",
        "oracleText": "",
        "power": 1,
        "toughness": 1,
        "typeLine": "Creature",
      },
      {
        "accessibilityDescription": "P1. Creature. Power 2, toughness 2.",
        "cmc": 1,
        "color": "R",
        "id": "p1",
        "imageUrl": "",
        "imageUrlSmall": "",
        "manaCost": "{R}",
        "name": "P1",
        "oracleText": "",
        "power": 2,
        "toughness": 2,
        "typeLine": "Creature",
      },
      {
        "accessibilityDescription": "P2. Creature. Power 3, toughness 3.",
        "cmc": 2,
        "color": "R",
        "id": "p2",
        "imageUrl": "",
        "imageUrlSmall": "",
        "manaCost": "{1}{R}",
        "name": "P2",
        "oracleText": "",
        "power": 3,
        "toughness": 3,
        "typeLine": "Creature",
      },
      {
        "accessibilityDescription": "P3. Creature. Power 4, toughness 4.",
        "cmc": 3,
        "color": "R",
        "id": "p3",
        "imageUrl": "",
        "imageUrlSmall": "",
        "manaCost": "{2}{R}",
        "name": "P3",
        "oracleText": "",
        "power": 4,
        "toughness": 4,
        "typeLine": "Creature",
      },
      {
        "accessibilityDescription": "P4. Creature. Power 5, toughness 5.",
        "cmc": 4,
        "color": "R",
        "id": "p4",
        "imageUrl": "",
        "imageUrlSmall": "",
        "manaCost": "{3}{R}",
        "name": "P4",
        "oracleText": "",
        "power": 5,
        "toughness": 5,
        "typeLine": "Creature",
      },
    ],
    "id": "player",
    "life": 20,
    "manaAvailable": 1,
    "manaMax": 1,
  },
  "turn": "player",
  "turnNumber": 1,
  "winner": null,
}
`;

exports[`store equivalence — turn cycle > snapshot: end-turn passes to opponent, turn counter does NOT bump until opponent ends 1`] = `
{
  "gameLog": [
    {
      "id": "log-1",
      "kind": "turn",
      "message": "New match. Turn 1. You have 20 life, 5 cards, and 1 mana. Your turn.",
      "meta": {
        "player": "player",
        "turnNumber": 1,
      },
      "priority": "polite",
      "timestamp": 1700000000000,
    },
    {
      "id": "log-2",
      "kind": "turn",
      "message": "Opponent's turn.",
      "meta": {
        "player": "opponent",
        "turnNumber": 1,
      },
      "priority": "polite",
      "timestamp": 1700000000000,
    },
    {
      "id": "log-3",
      "kind": "draw",
      "message": "Opponent drew a card. Their hand size is 6.",
      "meta": {
        "handSize": 6,
        "player": "opponent",
      },
      "priority": "polite",
      "timestamp": 1700000000000,
    },
  ],
  "generation": 1,
  "initialized": true,
  "opponent": {
    "battlefield": [],
    "deck": [
      {
        "accessibilityDescription": "O6. Creature. Power 1, toughness 1.",
        "cmc": 1,
        "color": "R",
        "id": "o6",
        "imageUrl": "",
        "imageUrlSmall": "",
        "manaCost": "{R}",
        "name": "O6",
        "oracleText": "",
        "power": 1,
        "toughness": 1,
        "typeLine": "Creature",
      },
      {
        "accessibilityDescription": "O7. Creature. Power 2, toughness 2.",
        "cmc": 1,
        "color": "R",
        "id": "o7",
        "imageUrl": "",
        "imageUrlSmall": "",
        "manaCost": "{R}",
        "name": "O7",
        "oracleText": "",
        "power": 2,
        "toughness": 2,
        "typeLine": "Creature",
      },
    ],
    "hand": [
      {
        "accessibilityDescription": "O0. Creature. Power 1, toughness 1.",
        "cmc": 1,
        "color": "R",
        "id": "o0",
        "imageUrl": "",
        "imageUrlSmall": "",
        "manaCost": "{R}",
        "name": "O0",
        "oracleText": "",
        "power": 1,
        "toughness": 1,
        "typeLine": "Creature",
      },
      {
        "accessibilityDescription": "O1. Creature. Power 2, toughness 2.",
        "cmc": 1,
        "color": "R",
        "id": "o1",
        "imageUrl": "",
        "imageUrlSmall": "",
        "manaCost": "{R}",
        "name": "O1",
        "oracleText": "",
        "power": 2,
        "toughness": 2,
        "typeLine": "Creature",
      },
      {
        "accessibilityDescription": "O2. Creature. Power 2, toughness 3.",
        "cmc": 2,
        "color": "R",
        "id": "o2",
        "imageUrl": "",
        "imageUrlSmall": "",
        "manaCost": "{1}{R}",
        "name": "O2",
        "oracleText": "",
        "power": 2,
        "toughness": 3,
        "typeLine": "Creature",
      },
      {
        "accessibilityDescription": "O3. Creature. Power 3, toughness 3.",
        "cmc": 2,
        "color": "R",
        "id": "o3",
        "imageUrl": "",
        "imageUrlSmall": "",
        "manaCost": "{1}{R}",
        "name": "O3",
        "oracleText": "",
        "power": 3,
        "toughness": 3,
        "typeLine": "Creature",
      },
      {
        "accessibilityDescription": "O4. Creature. Power 4, toughness 4.",
        "cmc": 3,
        "color": "R",
        "id": "o4",
        "imageUrl": "",
        "imageUrlSmall": "",
        "manaCost": "{2}{R}",
        "name": "O4",
        "oracleText": "",
        "power": 4,
        "toughness": 4,
        "typeLine": "Creature",
      },
      {
        "accessibilityDescription": "O5. Creature. Power 5, toughness 5.",
        "cmc": 4,
        "color": "R",
        "id": "o5",
        "imageUrl": "",
        "imageUrlSmall": "",
        "manaCost": "{3}{R}",
        "name": "O5",
        "oracleText": "",
        "power": 5,
        "toughness": 5,
        "typeLine": "Creature",
      },
    ],
    "id": "opponent",
    "life": 20,
    "manaAvailable": 1,
    "manaMax": 1,
  },
  "player": {
    "battlefield": [],
    "deck": [
      {
        "accessibilityDescription": "P5. Creature. Power 1, toughness 1.",
        "cmc": 1,
        "color": "R",
        "id": "p5",
        "imageUrl": "",
        "imageUrlSmall": "",
        "manaCost": "{R}",
        "name": "P5",
        "oracleText": "",
        "power": 1,
        "toughness": 1,
        "typeLine": "Creature",
      },
      {
        "accessibilityDescription": "P6. Creature. Power 2, toughness 2.",
        "cmc": 2,
        "color": "R",
        "id": "p6",
        "imageUrl": "",
        "imageUrlSmall": "",
        "manaCost": "{1}{R}",
        "name": "P6",
        "oracleText": "",
        "power": 2,
        "toughness": 2,
        "typeLine": "Creature",
      },
      {
        "accessibilityDescription": "P7. Creature. Power 3, toughness 3.",
        "cmc": 3,
        "color": "R",
        "id": "p7",
        "imageUrl": "",
        "imageUrlSmall": "",
        "manaCost": "{2}{R}",
        "name": "P7",
        "oracleText": "",
        "power": 3,
        "toughness": 3,
        "typeLine": "Creature",
      },
    ],
    "hand": [
      {
        "accessibilityDescription": "P0. Creature. Power 1, toughness 1.",
        "cmc": 1,
        "color": "R",
        "id": "p0",
        "imageUrl": "",
        "imageUrlSmall": "",
        "manaCost": "{R}",
        "name": "P0",
        "oracleText": "",
        "power": 1,
        "toughness": 1,
        "typeLine": "Creature",
      },
      {
        "accessibilityDescription": "P1. Creature. Power 2, toughness 2.",
        "cmc": 1,
        "color": "R",
        "id": "p1",
        "imageUrl": "",
        "imageUrlSmall": "",
        "manaCost": "{R}",
        "name": "P1",
        "oracleText": "",
        "power": 2,
        "toughness": 2,
        "typeLine": "Creature",
      },
      {
        "accessibilityDescription": "P2. Creature. Power 3, toughness 3.",
        "cmc": 2,
        "color": "R",
        "id": "p2",
        "imageUrl": "",
        "imageUrlSmall": "",
        "manaCost": "{1}{R}",
        "name": "P2",
        "oracleText": "",
        "power": 3,
        "toughness": 3,
        "typeLine": "Creature",
      },
      {
        "accessibilityDescription": "P3. Creature. Power 4, toughness 4.",
        "cmc": 3,
        "color": "R",
        "id": "p3",
        "imageUrl": "",
        "imageUrlSmall": "",
        "manaCost": "{2}{R}",
        "name": "P3",
        "oracleText": "",
        "power": 4,
        "toughness": 4,
        "typeLine": "Creature",
      },
      {
        "accessibilityDescription": "P4. Creature. Power 5, toughness 5.",
        "cmc": 4,
        "color": "R",
        "id": "p4",
        "imageUrl": "",
        "imageUrlSmall": "",
        "manaCost": "{3}{R}",
        "name": "P4",
        "oracleText": "",
        "power": 5,
        "toughness": 5,
        "typeLine": "Creature",
      },
    ],
    "id": "player",
    "life": 20,
    "manaAvailable": 1,
    "manaMax": 1,
  },
  "turn": "opponent",
  "turnNumber": 1,
  "winner": null,
}
`;

exports[`store equivalence — turn cycle > snapshot: full cycle (player-end, opponent-end) lands on turn 2 player 1`] = `
{
  "gameLog": [
    {
      "id": "log-1",
      "kind": "turn",
      "message": "New match. Turn 1. You have 20 life, 5 cards, and 1 mana. Your turn.",
      "meta": {
        "player": "player",
        "turnNumber": 1,
      },
      "priority": "polite",
      "timestamp": 1700000000000,
    },
    {
      "id": "log-2",
      "kind": "turn",
      "message": "Opponent's turn.",
      "meta": {
        "player": "opponent",
        "turnNumber": 1,
      },
      "priority": "polite",
      "timestamp": 1700000000000,
    },
    {
      "id": "log-3",
      "kind": "draw",
      "message": "Opponent drew a card. Their hand size is 6.",
      "meta": {
        "handSize": 6,
        "player": "opponent",
      },
      "priority": "polite",
      "timestamp": 1700000000000,
    },
    {
      "id": "log-4",
      "kind": "turn",
      "message": "Turn 2. Your turn.",
      "meta": {
        "player": "player",
        "turnNumber": 2,
      },
      "priority": "polite",
      "timestamp": 1700000000000,
    },
    {
      "id": "log-5",
      "kind": "mana",
      "message": "2 mana available.",
      "meta": {
        "manaAvailable": 2,
        "manaMax": 2,
        "player": "player",
      },
      "priority": "polite",
      "timestamp": 1700000000000,
    },
    {
      "id": "log-6",
      "kind": "draw",
      "message": "You drew P5. Hand size 6.",
      "meta": {
        "card": "P5",
        "handSize": 6,
        "player": "player",
      },
      "priority": "polite",
      "timestamp": 1700000000000,
    },
  ],
  "generation": 1,
  "initialized": true,
  "opponent": {
    "battlefield": [],
    "deck": [
      {
        "accessibilityDescription": "O6. Creature. Power 1, toughness 1.",
        "cmc": 1,
        "color": "R",
        "id": "o6",
        "imageUrl": "",
        "imageUrlSmall": "",
        "manaCost": "{R}",
        "name": "O6",
        "oracleText": "",
        "power": 1,
        "toughness": 1,
        "typeLine": "Creature",
      },
      {
        "accessibilityDescription": "O7. Creature. Power 2, toughness 2.",
        "cmc": 1,
        "color": "R",
        "id": "o7",
        "imageUrl": "",
        "imageUrlSmall": "",
        "manaCost": "{R}",
        "name": "O7",
        "oracleText": "",
        "power": 2,
        "toughness": 2,
        "typeLine": "Creature",
      },
    ],
    "hand": [
      {
        "accessibilityDescription": "O0. Creature. Power 1, toughness 1.",
        "cmc": 1,
        "color": "R",
        "id": "o0",
        "imageUrl": "",
        "imageUrlSmall": "",
        "manaCost": "{R}",
        "name": "O0",
        "oracleText": "",
        "power": 1,
        "toughness": 1,
        "typeLine": "Creature",
      },
      {
        "accessibilityDescription": "O1. Creature. Power 2, toughness 2.",
        "cmc": 1,
        "color": "R",
        "id": "o1",
        "imageUrl": "",
        "imageUrlSmall": "",
        "manaCost": "{R}",
        "name": "O1",
        "oracleText": "",
        "power": 2,
        "toughness": 2,
        "typeLine": "Creature",
      },
      {
        "accessibilityDescription": "O2. Creature. Power 2, toughness 3.",
        "cmc": 2,
        "color": "R",
        "id": "o2",
        "imageUrl": "",
        "imageUrlSmall": "",
        "manaCost": "{1}{R}",
        "name": "O2",
        "oracleText": "",
        "power": 2,
        "toughness": 3,
        "typeLine": "Creature",
      },
      {
        "accessibilityDescription": "O3. Creature. Power 3, toughness 3.",
        "cmc": 2,
        "color": "R",
        "id": "o3",
        "imageUrl": "",
        "imageUrlSmall": "",
        "manaCost": "{1}{R}",
        "name": "O3",
        "oracleText": "",
        "power": 3,
        "toughness": 3,
        "typeLine": "Creature",
      },
      {
        "accessibilityDescription": "O4. Creature. Power 4, toughness 4.",
        "cmc": 3,
        "color": "R",
        "id": "o4",
        "imageUrl": "",
        "imageUrlSmall": "",
        "manaCost": "{2}{R}",
        "name": "O4",
        "oracleText": "",
        "power": 4,
        "toughness": 4,
        "typeLine": "Creature",
      },
      {
        "accessibilityDescription": "O5. Creature. Power 5, toughness 5.",
        "cmc": 4,
        "color": "R",
        "id": "o5",
        "imageUrl": "",
        "imageUrlSmall": "",
        "manaCost": "{3}{R}",
        "name": "O5",
        "oracleText": "",
        "power": 5,
        "toughness": 5,
        "typeLine": "Creature",
      },
    ],
    "id": "opponent",
    "life": 20,
    "manaAvailable": 1,
    "manaMax": 1,
  },
  "player": {
    "battlefield": [],
    "deck": [
      {
        "accessibilityDescription": "P6. Creature. Power 2, toughness 2.",
        "cmc": 2,
        "color": "R",
        "id": "p6",
        "imageUrl": "",
        "imageUrlSmall": "",
        "manaCost": "{1}{R}",
        "name": "P6",
        "oracleText": "",
        "power": 2,
        "toughness": 2,
        "typeLine": "Creature",
      },
      {
        "accessibilityDescription": "P7. Creature. Power 3, toughness 3.",
        "cmc": 3,
        "color": "R",
        "id": "p7",
        "imageUrl": "",
        "imageUrlSmall": "",
        "manaCost": "{2}{R}",
        "name": "P7",
        "oracleText": "",
        "power": 3,
        "toughness": 3,
        "typeLine": "Creature",
      },
    ],
    "hand": [
      {
        "accessibilityDescription": "P0. Creature. Power 1, toughness 1.",
        "cmc": 1,
        "color": "R",
        "id": "p0",
        "imageUrl": "",
        "imageUrlSmall": "",
        "manaCost": "{R}",
        "name": "P0",
        "oracleText": "",
        "power": 1,
        "toughness": 1,
        "typeLine": "Creature",
      },
      {
        "accessibilityDescription": "P1. Creature. Power 2, toughness 2.",
        "cmc": 1,
        "color": "R",
        "id": "p1",
        "imageUrl": "",
        "imageUrlSmall": "",
        "manaCost": "{R}",
        "name": "P1",
        "oracleText": "",
        "power": 2,
        "toughness": 2,
        "typeLine": "Creature",
      },
      {
        "accessibilityDescription": "P2. Creature. Power 3, toughness 3.",
        "cmc": 2,
        "color": "R",
        "id": "p2",
        "imageUrl": "",
        "imageUrlSmall": "",
        "manaCost": "{1}{R}",
        "name": "P2",
        "oracleText": "",
        "power": 3,
        "toughness": 3,
        "typeLine": "Creature",
      },
      {
        "accessibilityDescription": "P3. Creature. Power 4, toughness 4.",
        "cmc": 3,
        "color": "R",
        "id": "p3",
        "imageUrl": "",
        "imageUrlSmall": "",
        "manaCost": "{2}{R}",
        "name": "P3",
        "oracleText": "",
        "power": 4,
        "toughness": 4,
        "typeLine": "Creature",
      },
      {
        "accessibilityDescription": "P4. Creature. Power 5, toughness 5.",
        "cmc": 4,
        "color": "R",
        "id": "p4",
        "imageUrl": "",
        "imageUrlSmall": "",
        "manaCost": "{3}{R}",
        "name": "P4",
        "oracleText": "",
        "power": 5,
        "toughness": 5,
        "typeLine": "Creature",
      },
      {
        "accessibilityDescription": "P5. Creature. Power 1, toughness 1.",
        "cmc": 1,
        "color": "R",
        "id": "p5",
        "imageUrl": "",
        "imageUrlSmall": "",
        "manaCost": "{R}",
        "name": "P5",
        "oracleText": "",
        "power": 1,
        "toughness": 1,
        "typeLine": "Creature",
      },
    ],
    "id": "player",
    "life": 20,
    "manaAvailable": 2,
    "manaMax": 2,
  },
  "turn": "player",
  "turnNumber": 2,
  "winner": null,
}
`;

exports[`store equivalence — winner detection > snapshot: lethal attack to face flips winner=player and emits game-over log 1`] = `
{
  "gameLog": [
    {
      "id": "log-1",
      "kind": "turn",
      "message": "New match. Turn 1. You have 20 life, 5 cards, and 1 mana. Your turn.",
      "meta": {
        "player": "player",
        "turnNumber": 1,
      },
      "priority": "polite",
      "timestamp": 1700000000000,
    },
    {
      "id": "log-2",
      "kind": "combat",
      "message": "You attacked with LETHAL, 99 over 99, dealing 99 damage. Opponent's life is now 0.",
      "meta": {
        "attacker": "LETHAL",
        "attackingSide": "player",
        "damage": 99,
        "defenderLife": 0,
      },
      "priority": "assertive",
      "timestamp": 1700000000000,
    },
    {
      "id": "log-3",
      "kind": "game-over",
      "message": "Victory! You defeated the opponent.",
      "meta": {
        "winner": "player",
      },
      "priority": "assertive",
      "timestamp": 1700000000000,
    },
  ],
  "generation": 1,
  "initialized": true,
  "opponent": {
    "battlefield": [],
    "deck": [
      {
        "accessibilityDescription": "O5. Creature. Power 5, toughness 5.",
        "cmc": 4,
        "color": "R",
        "id": "o5",
        "imageUrl": "",
        "imageUrlSmall": "",
        "manaCost": "{3}{R}",
        "name": "O5",
        "oracleText": "",
        "power": 5,
        "toughness": 5,
        "typeLine": "Creature",
      },
      {
        "accessibilityDescription": "O6. Creature. Power 1, toughness 1.",
        "cmc": 1,
        "color": "R",
        "id": "o6",
        "imageUrl": "",
        "imageUrlSmall": "",
        "manaCost": "{R}",
        "name": "O6",
        "oracleText": "",
        "power": 1,
        "toughness": 1,
        "typeLine": "Creature",
      },
      {
        "accessibilityDescription": "O7. Creature. Power 2, toughness 2.",
        "cmc": 1,
        "color": "R",
        "id": "o7",
        "imageUrl": "",
        "imageUrlSmall": "",
        "manaCost": "{R}",
        "name": "O7",
        "oracleText": "",
        "power": 2,
        "toughness": 2,
        "typeLine": "Creature",
      },
    ],
    "hand": [
      {
        "accessibilityDescription": "O0. Creature. Power 1, toughness 1.",
        "cmc": 1,
        "color": "R",
        "id": "o0",
        "imageUrl": "",
        "imageUrlSmall": "",
        "manaCost": "{R}",
        "name": "O0",
        "oracleText": "",
        "power": 1,
        "toughness": 1,
        "typeLine": "Creature",
      },
      {
        "accessibilityDescription": "O1. Creature. Power 2, toughness 2.",
        "cmc": 1,
        "color": "R",
        "id": "o1",
        "imageUrl": "",
        "imageUrlSmall": "",
        "manaCost": "{R}",
        "name": "O1",
        "oracleText": "",
        "power": 2,
        "toughness": 2,
        "typeLine": "Creature",
      },
      {
        "accessibilityDescription": "O2. Creature. Power 2, toughness 3.",
        "cmc": 2,
        "color": "R",
        "id": "o2",
        "imageUrl": "",
        "imageUrlSmall": "",
        "manaCost": "{1}{R}",
        "name": "O2",
        "oracleText": "",
        "power": 2,
        "toughness": 3,
        "typeLine": "Creature",
      },
      {
        "accessibilityDescription": "O3. Creature. Power 3, toughness 3.",
        "cmc": 2,
        "color": "R",
        "id": "o3",
        "imageUrl": "",
        "imageUrlSmall": "",
        "manaCost": "{1}{R}",
        "name": "O3",
        "oracleText": "",
        "power": 3,
        "toughness": 3,
        "typeLine": "Creature",
      },
      {
        "accessibilityDescription": "O4. Creature. Power 4, toughness 4.",
        "cmc": 3,
        "color": "R",
        "id": "o4",
        "imageUrl": "",
        "imageUrlSmall": "",
        "manaCost": "{2}{R}",
        "name": "O4",
        "oracleText": "",
        "power": 4,
        "toughness": 4,
        "typeLine": "Creature",
      },
    ],
    "id": "opponent",
    "life": 0,
    "manaAvailable": 0,
    "manaMax": 0,
  },
  "player": {
    "battlefield": [
      {
        "accessibilityDescription": "LETHAL. Creature. Power 99, toughness 99.",
        "attackedThisTurn": true,
        "cmc": 1,
        "color": "R",
        "id": "lethal",
        "imageUrl": "",
        "imageUrlSmall": "",
        "manaCost": "{R}",
        "name": "LETHAL",
        "oracleText": "",
        "power": 99,
        "summoningSick": false,
        "toughness": 99,
        "typeLine": "Creature",
      },
    ],
    "deck": [
      {
        "accessibilityDescription": "P5. Creature. Power 1, toughness 1.",
        "cmc": 1,
        "color": "R",
        "id": "p5",
        "imageUrl": "",
        "imageUrlSmall": "",
        "manaCost": "{R}",
        "name": "P5",
        "oracleText": "",
        "power": 1,
        "toughness": 1,
        "typeLine": "Creature",
      },
      {
        "accessibilityDescription": "P6. Creature. Power 2, toughness 2.",
        "cmc": 2,
        "color": "R",
        "id": "p6",
        "imageUrl": "",
        "imageUrlSmall": "",
        "manaCost": "{1}{R}",
        "name": "P6",
        "oracleText": "",
        "power": 2,
        "toughness": 2,
        "typeLine": "Creature",
      },
      {
        "accessibilityDescription": "P7. Creature. Power 3, toughness 3.",
        "cmc": 3,
        "color": "R",
        "id": "p7",
        "imageUrl": "",
        "imageUrlSmall": "",
        "manaCost": "{2}{R}",
        "name": "P7",
        "oracleText": "",
        "power": 3,
        "toughness": 3,
        "typeLine": "Creature",
      },
    ],
    "hand": [
      {
        "accessibilityDescription": "P0. Creature. Power 1, toughness 1.",
        "cmc": 1,
        "color": "R",
        "id": "p0",
        "imageUrl": "",
        "imageUrlSmall": "",
        "manaCost": "{R}",
        "name": "P0",
        "oracleText": "",
        "power": 1,
        "toughness": 1,
        "typeLine": "Creature",
      },
      {
        "accessibilityDescription": "P1. Creature. Power 2, toughness 2.",
        "cmc": 1,
        "color": "R",
        "id": "p1",
        "imageUrl": "",
        "imageUrlSmall": "",
        "manaCost": "{R}",
        "name": "P1",
        "oracleText": "",
        "power": 2,
        "toughness": 2,
        "typeLine": "Creature",
      },
      {
        "accessibilityDescription": "P2. Creature. Power 3, toughness 3.",
        "cmc": 2,
        "color": "R",
        "id": "p2",
        "imageUrl": "",
        "imageUrlSmall": "",
        "manaCost": "{1}{R}",
        "name": "P2",
        "oracleText": "",
        "power": 3,
        "toughness": 3,
        "typeLine": "Creature",
      },
      {
        "accessibilityDescription": "P3. Creature. Power 4, toughness 4.",
        "cmc": 3,
        "color": "R",
        "id": "p3",
        "imageUrl": "",
        "imageUrlSmall": "",
        "manaCost": "{2}{R}",
        "name": "P3",
        "oracleText": "",
        "power": 4,
        "toughness": 4,
        "typeLine": "Creature",
      },
      {
        "accessibilityDescription": "P4. Creature. Power 5, toughness 5.",
        "cmc": 4,
        "color": "R",
        "id": "p4",
        "imageUrl": "",
        "imageUrlSmall": "",
        "manaCost": "{3}{R}",
        "name": "P4",
        "oracleText": "",
        "power": 5,
        "toughness": 5,
        "typeLine": "Creature",
      },
    ],
    "id": "player",
    "life": 20,
    "manaAvailable": 1,
    "manaMax": 1,
  },
  "turn": "player",
  "turnNumber": 1,
  "winner": "player",
}
`;
